vite v6.4.3 building for production...
transforming...
✓ 66 modules transformed.
rendering chunks...
[plugin vite:reporter] 
(!) C:/Users/LOKMAN/Desktop/personalProjects/neologism-engine/web/src/lib/engine.ts is dynamically imported by C:/Users/LOKMAN/Desktop/personalProjects/neologism-engine/web/src/lib/candidate-pool.ts but also statically imported by C:/Users/LOKMAN/Desktop/personalProjects/neologism-engine/web/src/App.tsx, C:/Users/LOKMAN/Desktop/personalProjects/neologism-engine/web/src/components/AiStudio.tsx, C:/Users/LOKMAN/Desktop/personalProjects/neologism-engine/web/src/components/Landing.tsx, C:/Users/LOKMAN/Desktop/personalProjects/neologism-engine/web/src/components/NameCard.tsx, C:/Users/LOKMAN/Desktop/personalProjects/neologism-engine/web/src/components/Shortlist.tsx, C:/Users/LOKMAN/Desktop/personalProjects/neologism-engine/web/src/lib/preferences.ts, dynamic import will not move module into another chunk.

computing gzip size...
dist/index.html                                                     0.64 kB │ gzip:   0.40 kB
dist/assets/space-grotesk-vietnamese-700-normal-DMty7AZE.woff2      4.20 kB
dist/assets/space-grotesk-vietnamese-500-normal-BmEvtly_.woff2      4.32 kB
dist/assets/inter-vietnamese-400-normal-DMkecbls.woff2              4.97 kB
dist/assets/inter-vietnamese-600-normal-Cc8MFFhd.woff2              5.10 kB
dist/assets/inter-vietnamese-500-normal-DOriooB6.woff2              5.11 kB
dist/assets/inter-greek-ext-400-normal-DGGRlc-M.woff2               5.26 kB
dist/assets/inter-greek-ext-500-normal-C4iEst2y.woff2               5.43 kB
dist/assets/inter-greek-ext-600-normal-DRtmH8MT.woff2               5.43 kB
dist/assets/space-grotesk-vietnamese-700-normal-Duxec5Rn.woff       5.59 kB
dist/assets/space-grotesk-vietnamese-500-normal-BTqKIpxg.woff       5.72 kB
dist/assets/inter-vietnamese-400-normal-Bbgyi5SW.woff               6.50 kB
dist/assets/inter-vietnamese-500-normal-mJboJaSs.woff               6.60 kB
dist/assets/inter-vietnamese-600-normal-BuLX-rYi.woff               6.64 kB
dist/assets/inter-greek-ext-400-normal-KugGGMne.woff                7.06 kB
dist/assets/inter-greek-ext-500-normal-2j5mBUwD.woff                7.19 kB
dist/assets/inter-greek-ext-600-normal-B8X0CLgF.woff                7.21 kB
dist/assets/inter-cyrillic-400-normal-obahsSVq.woff2                7.71 kB
dist/assets/inter-greek-400-normal-B4URO6DV.woff2                   7.78 kB
dist/assets/inter-cyrillic-500-normal-BasfLYem.woff2                7.90 kB
dist/assets/inter-greek-500-normal-BIZE56-Y.woff2                   7.92 kB
dist/assets/inter-greek-600-normal-plRanbMR.woff2                   7.94 kB
dist/assets/inter-cyrillic-600-normal-CWCymEST.woff2                7.97 kB
dist/assets/inter-cyrillic-400-normal-HOLc17fK.woff                 9.78 kB
dist/assets/inter-greek-400-normal-q2sYcFCs.woff                    9.92 kB
dist/assets/inter-cyrillic-600-normal-4D_pXhcN.woff                 9.94 kB
dist/assets/inter-cyrillic-500-normal-CxZf_p3X.woff                 9.94 kB
dist/assets/inter-greek-500-normal-Xzm54t5V.woff                    9.98 kB
dist/assets/inter-greek-600-normal-BZpKdvQh.woff                   10.03 kB
dist/assets/inter-cyrillic-ext-400-normal-BQZuk6qB.woff2           10.23 kB
dist/assets/inter-cyrillic-ext-500-normal-B0yAr1jD.woff2           10.43 kB
dist/assets/inter-cyrillic-ext-600-normal-Dfes3d0z.woff2           10.48 kB
dist/assets/space-grotesk-latin-ext-700-normal-BQnZhY3m.woff2      11.99 kB
dist/assets/space-grotesk-latin-ext-500-normal-DUe3BAxM.woff2      12.27 kB
dist/assets/space-grotesk-latin-700-normal-RjhwGPKo.woff2          12.84 kB
dist/assets/space-grotesk-latin-500-normal-lFbtlQH6.woff2          13.31 kB
dist/assets/inter-cyrillic-ext-400-normal-DQukG94-.woff            13.34 kB
dist/assets/inter-cyrillic-ext-500-normal-BmqWE9Dz.woff            13.45 kB
dist/assets/inter-cyrillic-ext-600-normal-Bcila6Z-.woff            13.46 kB
dist/assets/space-grotesk-latin-700-normal-CwsQ-cCU.woff           16.42 kB
dist/assets/space-grotesk-latin-ext-700-normal-HVCqSBdx.woff       16.46 kB
dist/assets/space-grotesk-latin-ext-500-normal-3dgZTiw9.woff       16.79 kB
dist/assets/space-grotesk-latin-500-normal-CNSSEhBt.woff           16.99 kB
dist/assets/inter-latin-400-normal-C38fXH4l.woff2                  23.66 kB
dist/assets/inter-latin-500-normal-Cerq10X2.woff2                  24.27 kB
dist/assets/inter-latin-600-normal-LgqL8muc.woff2                  24.45 kB
dist/assets/inter-latin-400-normal-CyCys3Eg.woff                   30.70 kB
dist/assets/inter-latin-600-normal-CiBQ2DWP.woff                   31.26 kB
dist/assets/inter-latin-500-normal-BL9OpVg8.woff                   31.28 kB
dist/assets/inter-latin-ext-400-normal-C1nco2VV.woff2              35.00 kB
dist/assets/inter-latin-ext-500-normal-CV4jyFjo.woff2              36.02 kB
dist/assets/inter-latin-ext-600-normal-D2bJ5OIk.woff2              36.26 kB
dist/assets/inter-latin-ext-400-normal-77YHD8bZ.woff               47.56 kB
dist/assets/inter-latin-ext-500-normal-BxGbmqWO.woff               48.49 kB
dist/assets/inter-latin-ext-600-normal-CIVaiw4L.woff               48.67 kB
dist/assets/collision-ClaoItHz.bloom                              116.61 kB
dist/assets/neologism_wasm_bg-CVCkBxw6.wasm                     1,133.33 kB │ gzip: 453.79 kB
dist/assets/index-CntIA0Yu.css                                     51.79 kB │ gzip:   9.79 kB
dist/assets/collision-VmrT19C_.js                                   0.07 kB │ gzip:   0.09 kB
dist/assets/index-BSrBhBZ1.js                                     354.40 kB │ gzip: 111.44 kB
dist/assets/pron_lexicon-CR1_R7EW.js                              397.24 kB │ gzip: 120.00 kB
dist/assets/neighbors--ZSbaZVs.js                               1,203.80 kB │ gzip: 505.66 kB

(!) Some chunks are larger than 500 kB after minification. Consider:
- Using dynamic import() to code-split the application
- Use build.rollupOptions.output.manualChunks to improve chunking: https://rollupjs.org/configuration-options/#output-manualchunks
- Adjust chunk size limit for this warning via build.chunkSizeWarningLimit.
✓ built in 762ms
